components/admin-link.tsx(48,9): error TS2322: Type '{ children: Element; initial: { opacity: number; scale: number; }; animate: { opacity: number; scale: number; }; className: string; }' is not assignable to type 'IntrinsicAttributes & HTMLAttributesWithoutMotionProps<unknown, unknown> & MotionProps & RefAttributes<unknown>'.
  Property 'className' does not exist on type 'IntrinsicAttributes & HTMLAttributesWithoutMotionProps<unknown, unknown> & MotionProps & RefAttributes<unknown>'.
components/blog-nav.tsx(129,23): error TS2322: Type '{ layoutId: string; className: string; transition: { type: "spring"; bounce: number; duration: number; }; }' is not assignable to type 'IntrinsicAttributes & HTMLAttributesWithoutMotionProps<unknown, unknown> & MotionProps & RefAttributes<unknown>'.
  Property 'className' does not exist on type 'IntrinsicAttributes & HTMLAttributesWithoutMotionProps<unknown, unknown> & MotionProps & RefAttributes<unknown>'.
components/blog-nav.tsx(179,15): error TS2322: Type '{ children: Element; initial: { opacity: number; y: number; scale: number; }; animate: { opacity: number; y: number; scale: number; }; exit: { opacity: number; y: number; scale: number; }; className: string; }' is not assignable to type 'IntrinsicAttributes & HTMLAttributesWithoutMotionProps<unknown, unknown> & MotionProps & RefAttributes<unknown>'.
  Property 'className' does not exist on type 'IntrinsicAttributes & HTMLAttributesWithoutMotionProps<unknown, unknown> & MotionProps & RefAttributes<unknown>'.
components/fade-in.tsx(46,7): error TS2322: Type '{ children: ReactNode; initial: { y: number; x: number; opacity: number; } | { y: number; x: number; opacity: number; } | { x: number; y: number; opacity: number; } | { x: number; y: number; opacity: number; } | { ...; }; whileInView: { ...; }; viewport: { ...; }; transition: { ...; }; className: string; }' is not assignable to type 'IntrinsicAttributes & HTMLAttributesWithoutMotionProps<unknown, unknown> & MotionProps & RefAttributes<unknown>'.
  Property 'className' does not exist on type 'IntrinsicAttributes & HTMLAttributesWithoutMotionProps<unknown, unknown> & MotionProps & RefAttributes<unknown>'.
components/magnetic.tsx(34,7): error TS2322: Type '{ children: ReactNode; ref: RefObject<HTMLDivElement | null>; onMouseMove: (e: MouseEvent<Element, MouseEvent>) => void; onMouseLeave: () => void; animate: { ...; }; transition: { ...; }; }' is not assignable to type 'IntrinsicAttributes & HTMLAttributesWithoutMotionProps<unknown, unknown> & MotionProps & RefAttributes<unknown>'.
  Property 'onMouseMove' does not exist on type 'IntrinsicAttributes & HTMLAttributesWithoutMotionProps<unknown, unknown> & MotionProps & RefAttributes<unknown>'.
components/page-header.tsx(26,7): error TS2322: Type '{ children: Element[]; initial: { opacity: number; y: number; }; animate: { opacity: number; y: number; }; transition: { duration: number; }; className: string; }' is not assignable to type 'IntrinsicAttributes & HTMLAttributesWithoutMotionProps<unknown, unknown> & MotionProps & RefAttributes<unknown>'.
  Property 'className' does not exist on type 'IntrinsicAttributes & HTMLAttributesWithoutMotionProps<unknown, unknown> & MotionProps & RefAttributes<unknown>'.
components/project-card.tsx(29,7): error TS2322: Type '{ children: Element[]; initial: { opacity: number; y: number; }; whileInView: { opacity: number; y: number; }; transition: { duration: number; delay: number; }; viewport: { once: true; }; onDoubleClick: () => void; className: string; }' is not assignable to type 'IntrinsicAttributes & HTMLAttributesWithoutMotionProps<unknown, unknown> & MotionProps & RefAttributes<unknown>'.
  Property 'onDoubleClick' does not exist on type 'IntrinsicAttributes & HTMLAttributesWithoutMotionProps<unknown, unknown> & MotionProps & RefAttributes<unknown>'.
components/scroll-to-top.tsx(22,11): error TS2322: Type '{ children: Element; initial: { opacity: number; scale: number; }; animate: { opacity: number; scale: number; }; exit: { opacity: number; scale: number; }; onClick: () => void; className: string; }' is not assignable to type 'IntrinsicAttributes & HTMLAttributesWithoutMotionProps<unknown, unknown> & MotionProps & RefAttributes<unknown>'.
  Property 'onClick' does not exist on type 'IntrinsicAttributes & HTMLAttributesWithoutMotionProps<unknown, unknown> & MotionProps & RefAttributes<unknown>'.
components/stats-ticker.tsx(20,11): error TS2322: Type '{ children: Element[]; initial: { x: number; }; animate: { x: string; }; transition: { duration: number; repeat: number; ease: "linear"; }; className: string; }' is not assignable to type 'IntrinsicAttributes & HTMLAttributesWithoutMotionProps<unknown, unknown> & MotionProps & RefAttributes<unknown>'.
  Property 'className' does not exist on type 'IntrinsicAttributes & HTMLAttributesWithoutMotionProps<unknown, unknown> & MotionProps & RefAttributes<unknown>'.
components/team-member-card.tsx(55,7): error TS2322: Type '{ children: Element[]; layout: true; initial: false; onMouseEnter: () => void; onMouseLeave: () => void; className: string; }' is not assignable to type 'IntrinsicAttributes & HTMLAttributesWithoutMotionProps<unknown, unknown> & MotionProps & RefAttributes<unknown>'.
  Property 'onMouseEnter' does not exist on type 'IntrinsicAttributes & HTMLAttributesWithoutMotionProps<unknown, unknown> & MotionProps & RefAttributes<unknown>'.
components/team-member-card.tsx(66,26): error TS2322: Type '{ children: Element[]; layout: true; className: string; }' is not assignable to type 'IntrinsicAttributes & HTMLAttributesWithoutMotionProps<unknown, unknown> & MotionProps & RefAttributes<unknown>'.
  Property 'className' does not exist on type 'IntrinsicAttributes & HTMLAttributesWithoutMotionProps<unknown, unknown> & MotionProps & RefAttributes<unknown>'.
components/team-member-card.tsx(86,29): error TS2322: Type '{ children: string; layout: true; className: string; }' is not assignable to type 'IntrinsicAttributes & HTMLAttributesWithoutMotionProps<unknown, unknown> & MotionProps & RefAttributes<unknown>'.
  Property 'className' does not exist on type 'IntrinsicAttributes & HTMLAttributesWithoutMotionProps<unknown, unknown> & MotionProps & RefAttributes<unknown>'.
components/team-member-card.tsx(93,13): error TS2322: Type '{ children: string; layout: true; className: string; }' is not assignable to type 'IntrinsicAttributes & HTMLAttributesWithoutMotionProps<unknown, unknown> & MotionProps & RefAttributes<unknown>'.
  Property 'className' does not exist on type 'IntrinsicAttributes & HTMLAttributesWithoutMotionProps<unknown, unknown> & MotionProps & RefAttributes<unknown>'.
components/team-member-card.tsx(107,13): error TS2322: Type '{ children: Element; initial: { opacity: number; height: number; }; animate: { opacity: number; height: string; }; exit: { opacity: number; height: number; }; transition: { duration: number; ease: [...]; }; className: string; }' is not assignable to type 'IntrinsicAttributes & HTMLAttributesWithoutMotionProps<unknown, unknown> & MotionProps & RefAttributes<unknown>'.
  Property 'className' does not exist on type 'IntrinsicAttributes & HTMLAttributesWithoutMotionProps<unknown, unknown> & MotionProps & RefAttributes<unknown>'.
components/team-member-card.tsx(114,17): error TS2322: Type '{ children: string; initial: { y: number; opacity: number; }; animate: { y: number; opacity: number; }; transition: { delay: number; }; className: string; }' is not assignable to type 'IntrinsicAttributes & HTMLAttributesWithoutMotionProps<unknown, unknown> & MotionProps & RefAttributes<unknown>'.
  Property 'className' does not exist on type 'IntrinsicAttributes & HTMLAttributesWithoutMotionProps<unknown, unknown> & MotionProps & RefAttributes<unknown>'.
components/team-member-card.tsx(129,23): error TS2322: Type '{ children: Element; key: string; href: string; target: string; rel: string; initial: { scale: number; opacity: number; }; animate: { scale: number; opacity: number; }; transition: { delay: number; }; whileHover: { ...; }; whileTap: { ...; }; className: string; title: string; }' is not assignable to type 'IntrinsicAttributes & HTMLAttributesWithoutMotionProps<unknown, unknown> & MotionProps & RefAttributes<unknown>'.
  Property 'href' does not exist on type 'IntrinsicAttributes & HTMLAttributesWithoutMotionProps<unknown, unknown> & MotionProps & RefAttributes<unknown>'. Did you mean 'ref'?
components/theme-selector.tsx(45,11): error TS2322: Type '{ children: Element; key: string; initial: { opacity: number; scale: number; rotate: number; }; animate: { opacity: number; scale: number; rotate: number; }; exit: { opacity: number; scale: number; rotate: number; }; transition: { ...; }; className: string; }' is not assignable to type 'IntrinsicAttributes & HTMLAttributesWithoutMotionProps<unknown, unknown> & MotionProps & RefAttributes<unknown>'.
  Property 'className' does not exist on type 'IntrinsicAttributes & HTMLAttributesWithoutMotionProps<unknown, unknown> & MotionProps & RefAttributes<unknown>'.
components/ui/empty-state.tsx(9,7): error TS2322: Type '{ children: Element[]; initial: { opacity: number; }; animate: { opacity: number; }; className: string; }' is not assignable to type 'IntrinsicAttributes & HTMLAttributesWithoutMotionProps<unknown, unknown> & MotionProps & RefAttributes<unknown>'.
  Property 'className' does not exist on type 'IntrinsicAttributes & HTMLAttributesWithoutMotionProps<unknown, unknown> & MotionProps & RefAttributes<unknown>'.
components/ui/floating-cards.tsx(79,11): error TS2322: Type '{ children: Element[]; key: number; className: string; style: { top: any; left: any; }; initial: { opacity: number; scale: number; }; animate: { opacity: number; scale: number; y: [number, number, number]; }; transition: { ...; }; }' is not assignable to type 'IntrinsicAttributes & HTMLAttributesWithoutMotionProps<unknown, unknown> & MotionProps & RefAttributes<unknown>'.
  Property 'className' does not exist on type 'IntrinsicAttributes & HTMLAttributesWithoutMotionProps<unknown, unknown> & MotionProps & RefAttributes<unknown>'.
components/ui/scroll-cue.tsx(45,11): error TS2322: Type '{ children: Element; initial: { opacity: number; }; animate: { opacity: number; }; exit: { opacity: number; }; className: string; }' is not assignable to type 'IntrinsicAttributes & HTMLAttributesWithoutMotionProps<unknown, unknown> & MotionProps & RefAttributes<unknown>'.
  Property 'className' does not exist on type 'IntrinsicAttributes & HTMLAttributesWithoutMotionProps<unknown, unknown> & MotionProps & RefAttributes<unknown>'.
components/ui/scroll-cue.tsx(59,13): error TS2322: Type '{ children: Element[]; initial: { y: number; }; animate: { opacity: [number, number, number, number]; y: [number, number, number]; }; transition: { duration: number; repeat: number; times: number[]; ease: "easeInOut"; }; className: string; }' is not assignable to type 'IntrinsicAttributes & HTMLAttributesWithoutMotionProps<unknown, unknown> & MotionProps & RefAttributes<unknown>'.
  Property 'className' does not exist on type 'IntrinsicAttributes & HTMLAttributesWithoutMotionProps<unknown, unknown> & MotionProps & RefAttributes<unknown>'.
components/ui/scroll-cue.tsx(75,17): error TS2322: Type '{ animate: { y: [string, string]; }; transition: { duration: number; repeat: number; ease: "easeInOut"; }; className: string; }' is not assignable to type 'IntrinsicAttributes & HTMLAttributesWithoutMotionProps<unknown, unknown> & MotionProps & RefAttributes<unknown>'.
  Property 'className' does not exist on type 'IntrinsicAttributes & HTMLAttributesWithoutMotionProps<unknown, unknown> & MotionProps & RefAttributes<unknown>'.
